<?xml version="1.0" encoding="UTF-8"?>
<dataset>
    <expect C1="TRUE "/>
</dataset>